// Jest Snapshot v1, https://goo.gl/fbAQLP

exports[`Blog Post can render a default post 1`] = `
<div
  className="blog-post-container"
>
  <HelmetWrapper
    encodeSpecialCharacters={true}
    title="Bloggyblog - Sample Title"
  />
  <div
    className="blog-post"
  >
    <h1>
      Sample Title
    </h1>
    <h2>
      September 14, 2009
    </h2>
    <p>
      Tags:
       
      <GatsbyLink
        to="/tags/tag-a"
      >
        tag-a
      </GatsbyLink>
      <GatsbyLink
        to="/tags/tag-b"
      >
        tag-b
      </GatsbyLink>
    </p>
    <div
      className="blog-post-content"
      dangerouslySetInnerHTML={
        Object {
          "__html": "<p><strong>html</strong> output</p>",
        }
      }
    />
  </div>
</div>
`;
