// Jest Snapshot v1, https://goo.gl/fbAQLP

exports[`Blog Post can render a default post 1`] = `
<WithFadeTransition
  delay={0}
>
  <div>
    <HelmetWrapper
      encodeSpecialCharacters={true}
      title="Bloggyblog - Sample Title"
    />
    <styled.div>
      <Styled(GatsbyLink)
        to="/tags/tag-a"
      >
        tag-a
      </Styled(GatsbyLink)>
      <styled.h1>
        Sample Title
      </styled.h1>
      <styled.h3>
        September 14, 2009
      </styled.h3>
    </styled.div>
    <p>
      Tags:
       
      <GatsbyLink
        to="/tags/tag-b"
      >
        tag-b
      </GatsbyLink>
    </p>
    <div
      className="post-content"
      dangerouslySetInnerHTML={
        Object {
          "__html": "<p><strong>html</strong> output</p>",
        }
      }
    />
  </div>
</WithFadeTransition>
`;
